
*****************************************
Setting OMP_NUM_THREADS environment variable for each process to be 1 in default, to avoid your system being overloaded, please further tune the variable for optimal performance in your application as needed. 
*****************************************
[transformers] `torch_dtype` is deprecated! Use `dtype` instead!
Loading weights:   0%|          | 0/146 [00:00<?, ?it/s]Loading weights: 100%|██████████| 146/146 [00:00<00:00, 10135.86it/s]
[transformers] `torch_dtype` is deprecated! Use `dtype` instead!
[transformers] `torch_dtype` is deprecated! Use `dtype` instead!
[transformers] `torch_dtype` is deprecated! Use `dtype` instead!
Loading weights:   0%|          | 0/146 [00:00<?, ?it/s]Loading weights:   0%|          | 0/146 [00:00<?, ?it/s]Loading weights:   0%|          | 0/146 [00:00<?, ?it/s]Loading weights: 100%|██████████| 146/146 [00:00<00:00, 9814.23it/s]
Loading weights: 100%|██████████| 146/146 [00:00<00:00, 9884.88it/s]
Loading weights: 100%|██████████| 146/146 [00:00<00:00, 8592.35it/s]
[transformers] `use_return_dict` is deprecated! Use `return_dict` instead!
[transformers] `use_return_dict` is deprecated! Use `return_dict` instead!
[transformers] `use_return_dict` is deprecated! Use `return_dict` instead!
[transformers] `use_return_dict` is deprecated! Use `return_dict` instead!
Backend impl 'liger_kernel.ops.backends._cutedsl.rope' for op 'rope' could not be imported: ImportError: cutedsl backend requires the NVIDIA CUTLASS Python DSL (CuTe DSL). Install it with `pip install nvidia-cutlass-dsl`, or when installing Liger-Kernel use `pip install 'liger-kernel[cutedsl]'`.
Backend impl 'liger_kernel.ops.backends._cutedsl.rope' for op 'rope' could not be imported: ImportError: cutedsl backend requires the NVIDIA CUTLASS Python DSL (CuTe DSL). Install it with `pip install nvidia-cutlass-dsl`, or when installing Liger-Kernel use `pip install 'liger-kernel[cutedsl]'`.
Backend impl 'liger_kernel.ops.backends._cutedsl.rope' for op 'rope' could not be imported: ImportError: cutedsl backend requires the NVIDIA CUTLASS Python DSL (CuTe DSL). Install it with `pip install nvidia-cutlass-dsl`, or when installing Liger-Kernel use `pip install 'liger-kernel[cutedsl]'`.
Backend impl 'liger_kernel.ops.backends._cutedsl.rope' for op 'rope' could not be imported: ImportError: cutedsl backend requires the NVIDIA CUTLASS Python DSL (CuTe DSL). Install it with `pip install nvidia-cutlass-dsl`, or when installing Liger-Kernel use `pip install 'liger-kernel[cutedsl]'`.
Backend impl 'liger_kernel.ops.backends._ascend.rope' for op 'rope' could not be imported: ImportError: cannot import name 'tanh' from 'triton.language.math' (/root/miniconda3/envs/py3.10/lib/python3.10/site-packages/triton/language/math.py)
Backend impl 'liger_kernel.ops.backends._ascend.rope' for op 'rope' could not be imported: ImportError: cannot import name 'tanh' from 'triton.language.math' (/root/miniconda3/envs/py3.10/lib/python3.10/site-packages/triton/language/math.py)
Backend impl 'liger_kernel.ops.backends._ascend.rope' for op 'rope' could not be imported: ImportError: cannot import name 'tanh' from 'triton.language.math' (/root/miniconda3/envs/py3.10/lib/python3.10/site-packages/triton/language/math.py)
Backend impl 'liger_kernel.ops.backends._ascend.rope' for op 'rope' could not be imported: ImportError: cannot import name 'tanh' from 'triton.language.math' (/root/miniconda3/envs/py3.10/lib/python3.10/site-packages/triton/language/math.py)
{'step': 0, 'steps': 54, 'loss': 4.2924, 'lr': 0.001, 'gnorm': 1.092, 'elapsed': 3.8, 'tok_per_s': 138288}
{'step': 10, 'steps': 54, 'loss': 3.9818, 'lr': 0.00093746962529531, 'gnorm': 1.028, 'elapsed': 31.2, 'tok_per_s': 185127}
{'step': 20, 'steps': 54, 'loss': 3.7697, 'lr': 0.0007435293410244342, 'gnorm': 0.622, 'elapsed': 58.9, 'tok_per_s': 186993}
{'step': 30, 'steps': 54, 'loss': 3.6778, 'lr': 0.0004835590461988836, 'gnorm': 0.358, 'elapsed': 86.3, 'tok_per_s': 188372}
{'step': 40, 'steps': 54, 'loss': 3.4697, 'lr': 0.00024625764931680534, 'gnorm': 0.252, 'elapsed': 118.6, 'tok_per_s': 181274}
{'step': 50, 'steps': 54, 'loss': 3.4215, 'lr': 0.00011258968866381517, 'gnorm': 0.22, 'elapsed': 150.9, 'tok_per_s': 177216}
{'step': 53, 'steps': 54, 'loss': 3.4936, 'lr': 0.0001007903207060554, 'gnorm': 0.209, 'elapsed': 157.9, 'tok_per_s': 179257}
Writing model shards:   0%|          | 0/1 [00:00<?, ?it/s]Writing model shards: 100%|██████████| 1/1 [00:02<00:00,  2.33s/it]Writing model shards: 100%|██████████| 1/1 [00:02<00:00,  2.33s/it]
{'model': 'models/llama_R2', 'data': 'data/llama_R2', 'lr': 0.001, 'seed': 0, 'steps': 54, 'tokens': 28311552, 'params': 1301350400, 'train_flops': 221059497118924800, 'secs': 158.0, 'gpus': 4, 'final_loss': 3.493643283843994}
/root/miniconda3/envs/py3.10/lib/python3.10/site-packages/torch/distributed/c10d_logger.py:83: UserWarning: barrier(): using the device under current context. You can specify `device_id` in `init_process_group` to mute this warning.
  return func(*args, **kwargs)
