
*****************************************
Setting OMP_NUM_THREADS environment variable for each process to be 1 in default, to avoid your system being overloaded, please further tune the variable for optimal performance in your application as needed. 
*****************************************
[transformers] `torch_dtype` is deprecated! Use `dtype` instead!
[transformers] `torch_dtype` is deprecated! Use `dtype` instead!
[transformers] `torch_dtype` is deprecated! Use `dtype` instead!
[transformers] `torch_dtype` is deprecated! Use `dtype` instead!
Loading weights:   0%|          | 0/146 [00:00<?, ?it/s]Loading weights:   0%|          | 0/146 [00:00<?, ?it/s]Loading weights:   0%|          | 0/146 [00:00<?, ?it/s]Loading weights:   0%|          | 0/146 [00:00<?, ?it/s]Loading weights:   1%|          | 1/146 [00:00<01:29,  1.63it/s]Loading weights:   1%|          | 1/146 [00:00<01:29,  1.63it/s]Loading weights:   1%|          | 1/146 [00:00<01:32,  1.57it/s]Loading weights:   1%|          | 1/146 [00:00<01:32,  1.57it/s]Loading weights: 100%|██████████| 146/146 [00:00<00:00, 220.89it/s]
Loading weights: 100%|██████████| 146/146 [00:00<00:00, 214.03it/s]
Loading weights: 100%|██████████| 146/146 [00:00<00:00, 213.49it/s]
Loading weights: 100%|██████████| 146/146 [00:00<00:00, 209.31it/s]
[transformers] `use_return_dict` is deprecated! Use `return_dict` instead!
[transformers] `use_return_dict` is deprecated! Use `return_dict` instead!
[transformers] `use_return_dict` is deprecated! Use `return_dict` instead!
[transformers] `use_return_dict` is deprecated! Use `return_dict` instead!
Backend impl 'liger_kernel.ops.backends._cutedsl.rope' for op 'rope' could not be imported: ImportError: cutedsl backend requires the NVIDIA CUTLASS Python DSL (CuTe DSL). Install it with `pip install nvidia-cutlass-dsl`, or when installing Liger-Kernel use `pip install 'liger-kernel[cutedsl]'`.
Backend impl 'liger_kernel.ops.backends._cutedsl.rope' for op 'rope' could not be imported: ImportError: cutedsl backend requires the NVIDIA CUTLASS Python DSL (CuTe DSL). Install it with `pip install nvidia-cutlass-dsl`, or when installing Liger-Kernel use `pip install 'liger-kernel[cutedsl]'`.
Backend impl 'liger_kernel.ops.backends._cutedsl.rope' for op 'rope' could not be imported: ImportError: cutedsl backend requires the NVIDIA CUTLASS Python DSL (CuTe DSL). Install it with `pip install nvidia-cutlass-dsl`, or when installing Liger-Kernel use `pip install 'liger-kernel[cutedsl]'`.
Backend impl 'liger_kernel.ops.backends._cutedsl.rope' for op 'rope' could not be imported: ImportError: cutedsl backend requires the NVIDIA CUTLASS Python DSL (CuTe DSL). Install it with `pip install nvidia-cutlass-dsl`, or when installing Liger-Kernel use `pip install 'liger-kernel[cutedsl]'`.
Backend impl 'liger_kernel.ops.backends._ascend.rope' for op 'rope' could not be imported: ImportError: cannot import name 'tanh' from 'triton.language.math' (/root/miniconda3/envs/py3.10/lib/python3.10/site-packages/triton/language/math.py)
Backend impl 'liger_kernel.ops.backends._ascend.rope' for op 'rope' could not be imported: ImportError: cannot import name 'tanh' from 'triton.language.math' (/root/miniconda3/envs/py3.10/lib/python3.10/site-packages/triton/language/math.py)
Backend impl 'liger_kernel.ops.backends._ascend.rope' for op 'rope' could not be imported: ImportError: cannot import name 'tanh' from 'triton.language.math' (/root/miniconda3/envs/py3.10/lib/python3.10/site-packages/triton/language/math.py)
Backend impl 'liger_kernel.ops.backends._ascend.rope' for op 'rope' could not be imported: ImportError: cannot import name 'tanh' from 'triton.language.math' (/root/miniconda3/envs/py3.10/lib/python3.10/site-packages/triton/language/math.py)
{'step': 0, 'steps': 737, 'loss': 2.3887, 'lr': 1.4285714285714287e-05, 'gnorm': 0.696, 'elapsed': 5.0, 'tok_per_s': 105038}
{'step': 10, 'steps': 737, 'loss': 2.535, 'lr': 9.999624963946322e-05, 'gnorm': 3.552, 'elapsed': 47.7, 'tok_per_s': 120844}
{'step': 20, 'steps': 737, 'loss': 2.3783, 'lr': 9.99295939520004e-05, 'gnorm': 1.275, 'elapsed': 93.4, 'tok_per_s': 117901}
{'step': 30, 'steps': 737, 'loss': 2.3341, 'lr': 9.977973899953139e-05, 'gnorm': 1.218, 'elapsed': 139.1, 'tok_per_s': 116873}
{'step': 40, 'steps': 737, 'loss': 2.3076, 'lr': 9.95469622789309e-05, 'gnorm': 0.925, 'elapsed': 185.0, 'tok_per_s': 116164}
{'step': 50, 'steps': 737, 'loss': 2.2697, 'lr': 9.92316948390992e-05, 'gnorm': 0.866, 'elapsed': 230.8, 'tok_per_s': 115838}
{'step': 60, 'steps': 737, 'loss': 2.2855, 'lr': 9.883452048275893e-05, 'gnorm': 0.84, 'elapsed': 276.7, 'tok_per_s': 115594}
{'step': 70, 'steps': 737, 'loss': 2.2698, 'lr': 9.83561746853867e-05, 'gnorm': 0.788, 'elapsed': 322.6, 'tok_per_s': 115381}
{'step': 80, 'steps': 737, 'loss': 2.2493, 'lr': 9.779754323328192e-05, 'gnorm': 0.83, 'elapsed': 366.8, 'tok_per_s': 115792}
{'step': 90, 'steps': 737, 'loss': 2.2317, 'lr': 9.715966058329441e-05, 'gnorm': 0.903, 'elapsed': 412.7, 'tok_per_s': 115597}
{'step': 100, 'steps': 737, 'loss': 2.2221, 'lr': 9.644370794724856e-05, 'gnorm': 0.762, 'elapsed': 458.4, 'tok_per_s': 115513}
{'step': 110, 'steps': 737, 'loss': 2.2643, 'lr': 9.56510111046108e-05, 'gnorm': 0.725, 'elapsed': 504.3, 'tok_per_s': 115392}
{'step': 120, 'steps': 737, 'loss': 2.2468, 'lr': 9.478303794745136e-05, 'gnorm': 0.787, 'elapsed': 550.2, 'tok_per_s': 115294}
{'step': 130, 'steps': 737, 'loss': 2.2045, 'lr': 9.384139576224603e-05, 'gnorm': 0.77, 'elapsed': 595.9, 'tok_per_s': 115251}
{'step': 140, 'steps': 737, 'loss': 2.2142, 'lr': 9.282782825355152e-05, 'gnorm': 0.688, 'elapsed': 641.8, 'tok_per_s': 115181}
{'step': 150, 'steps': 737, 'loss': 2.2158, 'lr': 9.174421231506623e-05, 'gnorm': 0.706, 'elapsed': 685.6, 'tok_per_s': 115464}
{'step': 160, 'steps': 737, 'loss': 2.2101, 'lr': 9.059255455405498e-05, 'gnorm': 0.746, 'elapsed': 713.3, 'tok_per_s': 118346}
{'step': 170, 'steps': 737, 'loss': 2.215, 'lr': 8.937498757557442e-05, 'gnorm': 0.7, 'elapsed': 744.5, 'tok_per_s': 120425}
{'step': 180, 'steps': 737, 'loss': 2.161, 'lr': 8.809376603337936e-05, 'gnorm': 0.68, 'elapsed': 778.5, 'tok_per_s': 121894}
{'step': 190, 'steps': 737, 'loss': 2.2114, 'lr': 8.675126245482301e-05, 'gnorm': 0.707, 'elapsed': 814.3, 'tok_per_s': 122970}
{'step': 200, 'steps': 737, 'loss': 2.1385, 'lr': 8.534996284748254e-05, 'gnorm': 0.689, 'elapsed': 848.2, 'tok_per_s': 124241}
{'step': 210, 'steps': 737, 'loss': 2.2103, 'lr': 8.389246209564536e-05, 'gnorm': 0.642, 'elapsed': 873.8, 'tok_per_s': 126609}
{'step': 220, 'steps': 737, 'loss': 2.1236, 'lr': 8.238145915518068e-05, 'gnorm': 0.659, 'elapsed': 899.3, 'tok_per_s': 128838}
{'step': 230, 'steps': 737, 'loss': 2.1942, 'lr': 8.081975205569462e-05, 'gnorm': 0.669, 'elapsed': 924.9, 'tok_per_s': 130946}
{'step': 240, 'steps': 737, 'loss': 2.1798, 'lr': 7.921023271922349e-05, 'gnorm': 0.68, 'elapsed': 950.5, 'tok_per_s': 132939}
{'step': 250, 'steps': 737, 'loss': 2.1731, 'lr': 7.75558816050599e-05, 'gnorm': 0.598, 'elapsed': 976.1, 'tok_per_s': 134825}
{'step': 260, 'steps': 737, 'loss': 2.1877, 'lr': 7.585976219062829e-05, 'gnorm': 0.642, 'elapsed': 1001.6, 'tok_per_s': 136616}
{'step': 270, 'steps': 737, 'loss': 2.1414, 'lr': 7.412501529862993e-05, 'gnorm': 0.646, 'elapsed': 1027.2, 'tok_per_s': 138316}
{'step': 280, 'steps': 737, 'loss': 2.1417, 'lr': 7.235485328096232e-05, 'gnorm': 0.585, 'elapsed': 1052.8, 'tok_per_s': 139935}
{'step': 290, 'steps': 737, 'loss': 2.1882, 'lr': 7.0552554070183e-05, 'gnorm': 0.707, 'elapsed': 1078.4, 'tok_per_s': 141479}
{'step': 300, 'steps': 737, 'loss': 2.1409, 'lr': 6.872145510953301e-05, 'gnorm': 0.6, 'elapsed': 1104.0, 'tok_per_s': 142949}
{'step': 310, 'steps': 737, 'loss': 2.1473, 'lr': 6.686494717276032e-05, 'gnorm': 0.578, 'elapsed': 1129.5, 'tok_per_s': 144354}
{'step': 320, 'steps': 737, 'loss': 2.1178, 'lr': 6.498646808518745e-05, 'gnorm': 0.574, 'elapsed': 1155.1, 'tok_per_s': 145695}
{'step': 330, 'steps': 737, 'loss': 2.1056, 'lr': 6.30894963576503e-05, 'gnorm': 0.568, 'elapsed': 1180.7, 'tok_per_s': 146978}
{'step': 340, 'steps': 737, 'loss': 2.142, 'lr': 6.117754474509692e-05, 'gnorm': 0.575, 'elapsed': 1206.3, 'tok_per_s': 148207}
{'step': 350, 'steps': 737, 'loss': 2.0979, 'lr': 5.925415374177396e-05, 'gnorm': 0.562, 'elapsed': 1231.9, 'tok_per_s': 149384}
{'step': 360, 'steps': 737, 'loss': 2.0716, 'lr': 5.7322885025046424e-05, 'gnorm': 0.563, 'elapsed': 1257.5, 'tok_per_s': 150513}
{'step': 370, 'steps': 737, 'loss': 2.0966, 'lr': 5.538731485999098e-05, 'gnorm': 0.565, 'elapsed': 1283.1, 'tok_per_s': 151598}
{'step': 380, 'steps': 737, 'loss': 2.1475, 'lr': 5.345102747697646e-05, 'gnorm': 0.55, 'elapsed': 1308.7, 'tok_per_s': 152639}
{'step': 390, 'steps': 737, 'loss': 2.1319, 'lr': 5.151760843449417e-05, 'gnorm': 0.518, 'elapsed': 1334.3, 'tok_per_s': 153642}
{'step': 400, 'steps': 737, 'loss': 2.1435, 'lr': 4.959063797952914e-05, 'gnorm': 0.551, 'elapsed': 1359.8, 'tok_per_s': 154606}
{'step': 410, 'steps': 737, 'loss': 2.0768, 'lr': 4.767368441776675e-05, 'gnorm': 0.525, 'elapsed': 1385.4, 'tok_per_s': 155535}
{'step': 420, 'steps': 737, 'loss': 2.1276, 'lr': 4.577029750591215e-05, 'gnorm': 0.527, 'elapsed': 1411.0, 'tok_per_s': 156432}
{'step': 430, 'steps': 737, 'loss': 2.1391, 'lr': 4.3884001878357904e-05, 'gnorm': 0.504, 'elapsed': 1436.6, 'tok_per_s': 157296}
{'step': 440, 'steps': 737, 'loss': 2.1068, 'lr': 4.2018290520372614e-05, 'gnorm': 0.501, 'elapsed': 1462.2, 'tok_per_s': 158128}
{'step': 450, 'steps': 737, 'loss': 2.1232, 'lr': 4.017661829989615e-05, 'gnorm': 0.514, 'elapsed': 1487.8, 'tok_per_s': 158933}
{'step': 460, 'steps': 737, 'loss': 2.0988, 'lr': 3.836239556991972e-05, 'gnorm': 0.514, 'elapsed': 1513.3, 'tok_per_s': 159712}
{'step': 470, 'steps': 737, 'loss': 2.0463, 'lr': 3.6578981853297045e-05, 'gnorm': 0.523, 'elapsed': 1538.9, 'tok_per_s': 160463}
{'step': 480, 'steps': 737, 'loss': 2.089, 'lr': 3.482967962168153e-05, 'gnorm': 0.499, 'elapsed': 1564.5, 'tok_per_s': 161191}
{'step': 490, 'steps': 737, 'loss': 2.1156, 'lr': 3.3117728180108945e-05, 'gnorm': 0.528, 'elapsed': 1590.1, 'tok_per_s': 161896}
{'step': 500, 'steps': 737, 'loss': 2.0702, 'lr': 3.144629766855025e-05, 'gnorm': 0.475, 'elapsed': 1615.6, 'tok_per_s': 162578}
{'step': 510, 'steps': 737, 'loss': 2.1003, 'lr': 2.981848319154205e-05, 'gnorm': 0.47, 'elapsed': 1641.2, 'tok_per_s': 163238}
{'step': 520, 'steps': 737, 'loss': 2.0553, 'lr': 2.823729908676565e-05, 'gnorm': 0.47, 'elapsed': 1666.8, 'tok_per_s': 163878}
{'step': 530, 'steps': 737, 'loss': 2.0623, 'lr': 2.6705673343187444e-05, 'gnorm': 0.498, 'elapsed': 1692.4, 'tok_per_s': 164497}
{'step': 540, 'steps': 737, 'loss': 2.055, 'lr': 2.5226442179097474e-05, 'gnorm': 0.48, 'elapsed': 1718.0, 'tok_per_s': 165100}
{'step': 550, 'steps': 737, 'loss': 2.0847, 'lr': 2.3802344790086012e-05, 'gnorm': 0.47, 'elapsed': 1743.6, 'tok_per_s': 165685}
{'step': 560, 'steps': 737, 'loss': 2.075, 'lr': 2.2436018276683945e-05, 'gnorm': 0.475, 'elapsed': 1769.1, 'tok_per_s': 166253}
{'step': 570, 'steps': 737, 'loss': 2.1397, 'lr': 2.112999276105963e-05, 'gnorm': 0.5, 'elapsed': 1794.7, 'tok_per_s': 166803}
{'step': 580, 'steps': 737, 'loss': 2.0505, 'lr': 1.98866867018151e-05, 'gnorm': 0.466, 'elapsed': 1820.3, 'tok_per_s': 167338}
{'step': 590, 'steps': 737, 'loss': 2.0079, 'lr': 1.8708402415557492e-05, 'gnorm': 0.492, 'elapsed': 1845.9, 'tok_per_s': 167859}
{'step': 600, 'steps': 737, 'loss': 2.0703, 'lr': 1.759732181353864e-05, 'gnorm': 0.472, 'elapsed': 1871.5, 'tok_per_s': 168365}
{'step': 610, 'steps': 737, 'loss': 2.0279, 'lr': 1.6555502361257787e-05, 'gnorm': 0.455, 'elapsed': 1897.1, 'tok_per_s': 168858}
{'step': 620, 'steps': 737, 'loss': 2.0639, 'lr': 1.5584873268509068e-05, 'gnorm': 0.446, 'elapsed': 1922.7, 'tok_per_s': 169336}
{'step': 630, 'steps': 737, 'loss': 2.0452, 'lr': 1.4687231916929104e-05, 'gnorm': 0.453, 'elapsed': 1948.3, 'tok_per_s': 169804}
{'step': 640, 'steps': 737, 'loss': 2.0376, 'lr': 1.386424053165998e-05, 'gnorm': 0.453, 'elapsed': 1973.9, 'tok_per_s': 170259}
{'step': 650, 'steps': 737, 'loss': 2.043, 'lr': 1.311742310329093e-05, 'gnorm': 0.445, 'elapsed': 1999.5, 'tok_per_s': 170702}
{'step': 660, 'steps': 737, 'loss': 2.0575, 'lr': 1.2448162565778584e-05, 'gnorm': 0.448, 'elapsed': 2025.1, 'tok_per_s': 171133}
{'step': 670, 'steps': 737, 'loss': 2.0504, 'lr': 1.1857698235571663e-05, 'gnorm': 0.448, 'elapsed': 2050.6, 'tok_per_s': 171555}
{'step': 680, 'steps': 737, 'loss': 2.0901, 'lr': 1.1347123516682185e-05, 'gnorm': 0.452, 'elapsed': 2076.2, 'tok_per_s': 171965}
{'step': 690, 'steps': 737, 'loss': 2.0483, 'lr': 1.0917383875952948e-05, 'gnorm': 0.445, 'elapsed': 2101.8, 'tok_per_s': 172367}
{'step': 700, 'steps': 737, 'loss': 2.0775, 'lr': 1.0569275092270615e-05, 'gnorm': 0.443, 'elapsed': 2127.4, 'tok_per_s': 172757}
{'step': 710, 'steps': 737, 'loss': 2.0246, 'lr': 1.0303441782966357e-05, 'gnorm': 0.456, 'elapsed': 2153.0, 'tok_per_s': 173137}
{'step': 720, 'steps': 737, 'loss': 2.0377, 'lr': 1.0120376210133004e-05, 'gnorm': 0.487, 'elapsed': 2178.6, 'tok_per_s': 173511}
{'step': 730, 'steps': 737, 'loss': 2.0672, 'lr': 1.0020417369068923e-05, 'gnorm': 0.449, 'elapsed': 2204.2, 'tok_per_s': 173875}
{'step': 736, 'steps': 737, 'loss': 2.0679, 'lr': 1.0000416711871445e-05, 'gnorm': 0.447, 'elapsed': 2219.6, 'tok_per_s': 174088}
Writing model shards:   0%|          | 0/1 [00:00<?, ?it/s]Writing model shards: 100%|██████████| 1/1 [00:02<00:00,  2.31s/it]Writing model shards: 100%|██████████| 1/1 [00:02<00:00,  2.31s/it]
{'model': 'runs/B1_llama_R1_stage1/model', 'data': 'data/llama_R1', 'lr': 0.0001, 'seed': 0, 'steps': 737, 'tokens': 386400256, 'params': 1301350400, 'train_flops': 3017052766234214400, 'secs': 2219.6, 'gpus': 4, 'final_loss': 2.067927122116089}
/root/miniconda3/envs/py3.10/lib/python3.10/site-packages/torch/distributed/c10d_logger.py:83: UserWarning: barrier(): using the device under current context. You can specify `device_id` in `init_process_group` to mute this warning.
  return func(*args, **kwargs)
