
*****************************************
Setting OMP_NUM_THREADS environment variable for each process to be 1 in default, to avoid your system being overloaded, please further tune the variable for optimal performance in your application as needed. 
*****************************************
[transformers] `torch_dtype` is deprecated! Use `dtype` instead!
Loading weights:   0%|          | 0/310 [00:00<?, ?it/s][transformers] `torch_dtype` is deprecated! Use `dtype` instead!
[transformers] `torch_dtype` is deprecated! Use `dtype` instead!
[transformers] `torch_dtype` is deprecated! Use `dtype` instead!
Loading weights: 100%|██████████| 310/310 [00:00<00:00, 7482.37it/s]
Loading weights:   0%|          | 0/310 [00:00<?, ?it/s]Loading weights:   0%|          | 0/310 [00:00<?, ?it/s]Loading weights:   0%|          | 0/310 [00:00<?, ?it/s]Loading weights: 100%|██████████| 310/310 [00:00<00:00, 7151.89it/s]
Loading weights: 100%|██████████| 310/310 [00:00<00:00, 7294.44it/s]
Loading weights: 100%|██████████| 310/310 [00:00<00:00, 7494.23it/s]
[transformers] `use_return_dict` is deprecated! Use `return_dict` instead!
[transformers] `use_return_dict` is deprecated! Use `return_dict` instead!
[transformers] `use_return_dict` is deprecated! Use `return_dict` instead!
[transformers] `use_return_dict` is deprecated! Use `return_dict` instead!
Backend impl 'liger_kernel.ops.backends._cutedsl.rope' for op 'rope' could not be imported: ImportError: cutedsl backend requires the NVIDIA CUTLASS Python DSL (CuTe DSL). Install it with `pip install nvidia-cutlass-dsl`, or when installing Liger-Kernel use `pip install 'liger-kernel[cutedsl]'`.
Backend impl 'liger_kernel.ops.backends._cutedsl.rope' for op 'rope' could not be imported: ImportError: cutedsl backend requires the NVIDIA CUTLASS Python DSL (CuTe DSL). Install it with `pip install nvidia-cutlass-dsl`, or when installing Liger-Kernel use `pip install 'liger-kernel[cutedsl]'`.
Backend impl 'liger_kernel.ops.backends._ascend.rope' for op 'rope' could not be imported: ImportError: cannot import name 'tanh' from 'triton.language.math' (/root/miniconda3/envs/py3.10/lib/python3.10/site-packages/triton/language/math.py)
Backend impl 'liger_kernel.ops.backends._cutedsl.rope' for op 'rope' could not be imported: ImportError: cutedsl backend requires the NVIDIA CUTLASS Python DSL (CuTe DSL). Install it with `pip install nvidia-cutlass-dsl`, or when installing Liger-Kernel use `pip install 'liger-kernel[cutedsl]'`.
Backend impl 'liger_kernel.ops.backends._ascend.rope' for op 'rope' could not be imported: ImportError: cannot import name 'tanh' from 'triton.language.math' (/root/miniconda3/envs/py3.10/lib/python3.10/site-packages/triton/language/math.py)
Backend impl 'liger_kernel.ops.backends._cutedsl.rope' for op 'rope' could not be imported: ImportError: cutedsl backend requires the NVIDIA CUTLASS Python DSL (CuTe DSL). Install it with `pip install nvidia-cutlass-dsl`, or when installing Liger-Kernel use `pip install 'liger-kernel[cutedsl]'`.
Backend impl 'liger_kernel.ops.backends._ascend.rope' for op 'rope' could not be imported: ImportError: cannot import name 'tanh' from 'triton.language.math' (/root/miniconda3/envs/py3.10/lib/python3.10/site-packages/triton/language/math.py)
Backend impl 'liger_kernel.ops.backends._ascend.rope' for op 'rope' could not be imported: ImportError: cannot import name 'tanh' from 'triton.language.math' (/root/miniconda3/envs/py3.10/lib/python3.10/site-packages/triton/language/math.py)
{'step': 0, 'steps': 748, 'loss': 5.9706, 'lr': 1.4285714285714287e-05, 'gnorm': 23.874, 'elapsed': 4.7, 'tok_per_s': 112361}
{'step': 10, 'steps': 748, 'loss': 3.9486, 'lr': 9.99963601582496e-05, 'gnorm': 3.932, 'elapsed': 34.5, 'tok_per_s': 167141}
{'step': 20, 'steps': 748, 'loss': 3.3145, 'lr': 9.993166823949923e-05, 'gnorm': 3.675, 'elapsed': 64.3, 'tok_per_s': 171103}
{'step': 30, 'steps': 748, 'loss': 3.083, 'lr': 9.978622477969118e-05, 'gnorm': 2.291, 'elapsed': 94.4, 'tok_per_s': 172193}
{'step': 40, 'steps': 748, 'loss': 2.8879, 'lr': 9.95602911709343e-05, 'gnorm': 1.474, 'elapsed': 124.2, 'tok_per_s': 173043}
{'step': 50, 'steps': 748, 'loss': 2.7905, 'lr': 9.92542734628546e-05, 'gnorm': 1.395, 'elapsed': 154.0, 'tok_per_s': 173574}
{'step': 60, 'steps': 748, 'loss': 2.727, 'lr': 9.886872163283964e-05, 'gnorm': 1.202, 'elapsed': 183.9, 'tok_per_s': 173937}
{'step': 70, 'steps': 748, 'loss': 2.6878, 'lr': 9.840432859761504e-05, 'gnorm': 1.14, 'elapsed': 213.9, 'tok_per_s': 173991}
{'step': 80, 'steps': 748, 'loss': 2.6137, 'lr': 9.786192896792905e-05, 'gnorm': 1.29, 'elapsed': 243.8, 'tok_per_s': 174199}
{'step': 90, 'steps': 748, 'loss': 2.6149, 'lr': 9.724249754858378e-05, 'gnorm': 1.319, 'elapsed': 273.6, 'tok_per_s': 174394}
{'step': 100, 'steps': 748, 'loss': 2.5955, 'lr': 9.654714758650844e-05, 'gnorm': 0.873, 'elapsed': 303.4, 'tok_per_s': 174543}
{'step': 110, 'steps': 748, 'loss': 2.5328, 'lr': 9.577712877002336e-05, 'gnorm': 1.312, 'elapsed': 333.2, 'tok_per_s': 174673}
{'step': 120, 'steps': 748, 'loss': 2.5471, 'lr': 9.493382498289051e-05, 'gnorm': 1.025, 'elapsed': 363.1, 'tok_per_s': 174717}
{'step': 130, 'steps': 748, 'loss': 2.5278, 'lr': 9.401875181718687e-05, 'gnorm': 0.812, 'elapsed': 392.9, 'tok_per_s': 174807}
{'step': 140, 'steps': 748, 'loss': 2.5185, 'lr': 9.303355384947076e-05, 'gnorm': 0.929, 'elapsed': 422.7, 'tok_per_s': 174886}
{'step': 150, 'steps': 748, 'loss': 2.5033, 'lr': 9.198000168513604e-05, 'gnorm': 0.939, 'elapsed': 452.5, 'tok_per_s': 174952}
{'step': 160, 'steps': 748, 'loss': 2.4659, 'lr': 9.085998877626644e-05, 'gnorm': 0.885, 'elapsed': 482.3, 'tok_per_s': 175006}
{'step': 170, 'steps': 748, 'loss': 2.4413, 'lr': 8.967552801870891e-05, 'gnorm': 0.922, 'elapsed': 512.1, 'tok_per_s': 175059}
{'step': 180, 'steps': 748, 'loss': 2.4544, 'lr': 8.842874813448165e-05, 'gnorm': 0.776, 'elapsed': 541.9, 'tok_per_s': 175109}
{'step': 190, 'steps': 748, 'loss': 2.4273, 'lr': 8.712188984601844e-05, 'gnorm': 0.957, 'elapsed': 571.7, 'tok_per_s': 175146}
{'step': 200, 'steps': 748, 'loss': 2.4276, 'lr': 8.575730184912496e-05, 'gnorm': 0.771, 'elapsed': 601.6, 'tok_per_s': 175184}
{'step': 210, 'steps': 748, 'loss': 2.4352, 'lr': 8.433743659188462e-05, 'gnorm': 0.802, 'elapsed': 631.5, 'tok_per_s': 175190}
{'step': 220, 'steps': 748, 'loss': 2.4075, 'lr': 8.28648458670999e-05, 'gnorm': 0.713, 'elapsed': 661.2, 'tok_per_s': 175226}
{'step': 230, 'steps': 748, 'loss': 2.4118, 'lr': 8.134217622619056e-05, 'gnorm': 0.762, 'elapsed': 691.0, 'tok_per_s': 175266}
{'step': 240, 'steps': 748, 'loss': 2.4173, 'lr': 7.977216422279119e-05, 'gnorm': 0.73, 'elapsed': 720.8, 'tok_per_s': 175302}
{'step': 250, 'steps': 748, 'loss': 2.3995, 'lr': 7.815763149459562e-05, 'gnorm': 0.687, 'elapsed': 750.5, 'tok_per_s': 175336}
{'step': 260, 'steps': 748, 'loss': 2.3573, 'lr': 7.650147969228805e-05, 'gnorm': 0.692, 'elapsed': 780.4, 'tok_per_s': 175349}
{'step': 270, 'steps': 748, 'loss': 2.3957, 'lr': 7.480668526467404e-05, 'gnorm': 0.65, 'elapsed': 810.2, 'tok_per_s': 175370}
{'step': 280, 'steps': 748, 'loss': 2.3985, 'lr': 7.307629410938363e-05, 'gnorm': 0.691, 'elapsed': 840.0, 'tok_per_s': 175389}
{'step': 290, 'steps': 748, 'loss': 2.3624, 'lr': 7.131341609876073e-05, 'gnorm': 0.677, 'elapsed': 869.8, 'tok_per_s': 175409}
{'step': 300, 'steps': 748, 'loss': 2.3406, 'lr': 6.952121949077638e-05, 'gnorm': 0.714, 'elapsed': 899.6, 'tok_per_s': 175429}
{'step': 310, 'steps': 748, 'loss': 2.3984, 'lr': 6.770292523501131e-05, 'gnorm': 0.628, 'elapsed': 929.6, 'tok_per_s': 175404}
{'step': 320, 'steps': 748, 'loss': 2.4005, 'lr': 6.586180118394013e-05, 'gnorm': 0.614, 'elapsed': 959.4, 'tok_per_s': 175421}
{'step': 330, 'steps': 748, 'loss': 2.3137, 'lr': 6.400115621992201e-05, 'gnorm': 0.635, 'elapsed': 989.2, 'tok_per_s': 175442}
{'step': 340, 'steps': 748, 'loss': 2.3473, 'lr': 6.212433430845145e-05, 'gnorm': 0.735, 'elapsed': 1019.0, 'tok_per_s': 175453}
{'step': 350, 'steps': 748, 'loss': 2.3741, 'lr': 6.0234708488357906e-05, 'gnorm': 0.631, 'elapsed': 1048.8, 'tok_per_s': 175463}
{'step': 360, 'steps': 748, 'loss': 2.3008, 'lr': 5.8335674809754194e-05, 'gnorm': 0.687, 'elapsed': 1078.6, 'tok_per_s': 175472}
{'step': 370, 'steps': 748, 'loss': 2.3319, 'lr': 5.64306462306291e-05, 'gnorm': 0.668, 'elapsed': 1108.4, 'tok_per_s': 175483}
{'step': 380, 'steps': 748, 'loss': 2.3087, 'lr': 5.4523046483052955e-05, 'gnorm': 0.597, 'elapsed': 1138.3, 'tok_per_s': 175491}
{'step': 390, 'steps': 748, 'loss': 2.3119, 'lr': 5.261630392001979e-05, 'gnorm': 0.605, 'elapsed': 1168.1, 'tok_per_s': 175494}
{'step': 400, 'steps': 748, 'loss': 2.3452, 'lr': 5.071384535398505e-05, 'gnorm': 0.609, 'elapsed': 1198.0, 'tok_per_s': 175486}
{'step': 410, 'steps': 748, 'loss': 2.3423, 'lr': 4.881908989817163e-05, 'gnorm': 0.563, 'elapsed': 1227.9, 'tok_per_s': 175494}
{'step': 420, 'steps': 748, 'loss': 2.325, 'lr': 4.6935442821713316e-05, 'gnorm': 0.605, 'elapsed': 1257.7, 'tok_per_s': 175497}
{'step': 430, 'steps': 748, 'loss': 2.3326, 'lr': 4.506628942967874e-05, 'gnorm': 0.629, 'elapsed': 1287.6, 'tok_per_s': 175501}
{'step': 440, 'steps': 748, 'loss': 2.3452, 'lr': 4.321498897897494e-05, 'gnorm': 0.595, 'elapsed': 1317.4, 'tok_per_s': 175504}
{'step': 450, 'steps': 748, 'loss': 2.2946, 'lr': 4.138486864106501e-05, 'gnorm': 0.549, 'elapsed': 1347.2, 'tok_per_s': 175509}
{'step': 460, 'steps': 748, 'loss': 2.2894, 'lr': 3.957921752234982e-05, 'gnorm': 0.538, 'elapsed': 1377.1, 'tok_per_s': 175509}
{'step': 470, 'steps': 748, 'loss': 2.274, 'lr': 3.780128075296053e-05, 'gnorm': 0.527, 'elapsed': 1406.9, 'tok_per_s': 175518}
{'step': 480, 'steps': 748, 'loss': 2.2929, 'lr': 3.605425365458578e-05, 'gnorm': 0.538, 'elapsed': 1436.7, 'tok_per_s': 175525}
{'step': 490, 'steps': 748, 'loss': 2.3023, 'lr': 3.4341275997814794e-05, 'gnorm': 0.544, 'elapsed': 1466.5, 'tok_per_s': 175534}
{'step': 500, 'steps': 748, 'loss': 2.2874, 'lr': 3.2665426359317467e-05, 'gnorm': 0.51, 'elapsed': 1496.5, 'tok_per_s': 175526}
{'step': 510, 'steps': 748, 'loss': 2.306, 'lr': 3.10297165890026e-05, 'gnorm': 0.534, 'elapsed': 1526.3, 'tok_per_s': 175529}
{'step': 520, 'steps': 748, 'loss': 2.3156, 'lr': 2.9437086397097995e-05, 'gnorm': 0.539, 'elapsed': 1556.2, 'tok_per_s': 175531}
{'step': 530, 'steps': 748, 'loss': 2.3113, 'lr': 2.789039807088055e-05, 'gnorm': 0.491, 'elapsed': 1586.0, 'tok_per_s': 175533}
{'step': 540, 'steps': 748, 'loss': 2.3076, 'lr': 2.639243133055145e-05, 'gnorm': 0.514, 'elapsed': 1615.9, 'tok_per_s': 175535}
{'step': 550, 'steps': 748, 'loss': 2.3303, 'lr': 2.494587833350153e-05, 'gnorm': 0.509, 'elapsed': 1645.7, 'tok_per_s': 175535}
Writing model shards:   0%|          | 0/1 [00:00<?, ?it/s]Writing model shards: 100%|██████████| 1/1 [00:01<00:00,  1.12s/it]Writing model shards: 100%|██████████| 1/1 [00:01<00:00,  1.12s/it]
{'step': 560, 'steps': 748, 'loss': 2.333, 'lr': 2.3553338835945317e-05, 'gnorm': 0.491, 'elapsed': 1676.7, 'tok_per_s': 175417}
{'step': 570, 'steps': 748, 'loss': 2.2419, 'lr': 2.2217315520619015e-05, 'gnorm': 0.487, 'elapsed': 1706.5, 'tok_per_s': 175424}
{'step': 580, 'steps': 748, 'loss': 2.2569, 'lr': 2.0940209498939734e-05, 'gnorm': 0.483, 'elapsed': 1736.4, 'tok_per_s': 175424}
{'step': 590, 'steps': 748, 'loss': 2.2698, 'lr': 1.9724315995709626e-05, 'gnorm': 0.484, 'elapsed': 1766.4, 'tok_per_s': 175419}
{'step': 600, 'steps': 748, 'loss': 2.3544, 'lr': 1.8571820224120095e-05, 'gnorm': 0.492, 'elapsed': 1796.2, 'tok_per_s': 175426}
{'step': 610, 'steps': 748, 'loss': 2.2641, 'lr': 1.7484793458469745e-05, 'gnorm': 0.492, 'elapsed': 1826.0, 'tok_per_s': 175431}
{'step': 620, 'steps': 748, 'loss': 2.2738, 'lr': 1.646518931165425e-05, 'gnorm': 0.46, 'elapsed': 1855.9, 'tok_per_s': 175431}
{'step': 630, 'steps': 748, 'loss': 2.3, 'lr': 1.5514840224118198e-05, 'gnorm': 0.486, 'elapsed': 1885.8, 'tok_per_s': 175434}
{'step': 640, 'steps': 748, 'loss': 2.2498, 'lr': 1.4635454170578917e-05, 'gnorm': 0.495, 'elapsed': 1915.6, 'tok_per_s': 175438}
{'step': 650, 'steps': 748, 'loss': 2.3039, 'lr': 1.3828611590441196e-05, 'gnorm': 0.482, 'elapsed': 1945.4, 'tok_per_s': 175443}
{'step': 660, 'steps': 748, 'loss': 2.2841, 'lr': 1.3095762547419327e-05, 'gnorm': 0.47, 'elapsed': 1975.3, 'tok_per_s': 175448}
{'step': 670, 'steps': 748, 'loss': 2.2704, 'lr': 1.2438224123471442e-05, 'gnorm': 0.474, 'elapsed': 2005.2, 'tok_per_s': 175443}
{'step': 680, 'steps': 748, 'loss': 2.2842, 'lr': 1.185717805172962e-05, 'gnorm': 0.473, 'elapsed': 2035.3, 'tok_per_s': 175422}
{'step': 690, 'steps': 748, 'loss': 2.2924, 'lr': 1.1353668592679997e-05, 'gnorm': 0.453, 'elapsed': 2065.4, 'tok_per_s': 175409}
{'step': 700, 'steps': 748, 'loss': 2.311, 'lr': 1.0928600657409752e-05, 'gnorm': 0.46, 'elapsed': 2095.3, 'tok_per_s': 175408}
{'step': 710, 'steps': 748, 'loss': 2.2803, 'lr': 1.0582738181293923e-05, 'gnorm': 0.471, 'elapsed': 2125.1, 'tok_per_s': 175410}
{'step': 720, 'steps': 748, 'loss': 2.2764, 'lr': 1.031670275104483e-05, 'gnorm': 0.469, 'elapsed': 2155.0, 'tok_per_s': 175408}
{'step': 730, 'steps': 748, 'loss': 2.2318, 'lr': 1.0130972487591658e-05, 'gnorm': 0.453, 'elapsed': 2184.9, 'tok_per_s': 175408}
{'step': 740, 'steps': 748, 'loss': 2.2861, 'lr': 1.0025881186797829e-05, 'gnorm': 0.47, 'elapsed': 2214.7, 'tok_per_s': 175415}
{'step': 747, 'steps': 748, 'loss': 2.2825, 'lr': 1.0000404431707515e-05, 'gnorm': 0.471, 'elapsed': 2235.6, 'tok_per_s': 175420}
Writing model shards:   0%|          | 0/1 [00:00<?, ?it/s]Writing model shards: 100%|██████████| 1/1 [00:01<00:00,  1.13s/it]Writing model shards: 100%|██████████| 1/1 [00:01<00:00,  1.13s/it]
{'model': 'models/qwen_R1', 'data': 'data/qwen_R1', 'lr': 0.0001, 'seed': 0, 'steps': 748, 'tokens': 392167424, 'params': 628544512, 'train_flops': 1478968092842262528, 'secs': 2235.6, 'gpus': 4, 'final_loss': 2.282466173171997}
/root/miniconda3/envs/py3.10/lib/python3.10/site-packages/torch/distributed/c10d_logger.py:83: UserWarning: barrier(): using the device under current context. You can specify `device_id` in `init_process_group` to mute this warning.
  return func(*args, **kwargs)
